// Jest Snapshot v1, https://goo.gl/fbAQLP

exports[`Tests for <Modal /> Modal component with Snapshot 1`] = `
<div
  className="modalViewContainer"
>
  <div
    className="modalContainer"
  >
    <div
      className="modalHeader"
    >
      <button
        onClick={[Function]}
      >
        <i
          className="far fa-times-circle btnClose"
        />
      </button>
    </div>
    <div
      className="modalContent"
    >
      <h2>
        You 
        Lost :(
      </h2>
      <div
        className="puzzle"
      >
        <div
          className="puzzleWord"
        >
          <div
            key="0"
          >
            🟩
          </div>
        </div>
        <div
          className="puzzleWord"
        >
          <div
            key="0"
          >
            🟨
          </div>
        </div>
        <div
          className="puzzleWord"
        >
          <div
            key="0"
          >
            🟨
          </div>
        </div>
        <div
          className="puzzleWord"
        >
          <div
            key="0"
          >
            🟨
          </div>
        </div>
        <div
          className="puzzleWord"
        >
          <div
            key="0"
          >
            🟨
          </div>
        </div>
      </div>
      <div
        className="socialShareContainer"
      >
        <h3>
          Share your score!
        </h3>
        <div
          className="social"
        >
          <a
            className="btnSocial twitterLogo"
            href="https://twitter.com/intent/tweet?url=https://wordle-game-iota.vercel.app/&text=Hola Prueba"
            rel="noopener noreferrer"
            target="_blank"
          >
            <i
              className="fab fa-twitter-square"
            />
          </a>
          <a
            className="btnSocial whatsappLogo"
            href="https://api.whatsapp.com/send?text=Hola Prueba en https://wordle-game-iota.vercel.app/"
            rel="noopener noreferrer"
            target="_blank"
          >
            <i
              className="fab fa-whatsapp-square"
            />
          </a>
        </div>
      </div>
    </div>
  </div>
</div>
`;
